// Jest Snapshot v1, https://goo.gl/fbAQLP

exports[`FeedbackIcon renders 1`] = `
LoadedCheerio {
  "0": <svg
    class="sc-beqWaB kCjrFW"
    height="1.25rem"
    role="img"
    width="1.25rem"
  >
    <title>
      Hello
    </title>
    <svg />
  </svg>,
  "_root": LoadedCheerio {
    "0": Document {
      "children": Array [
        <html>
          <head />
          <body />
        </html>,
      ],
      "endIndex": null,
      "next": null,
      "parent": null,
      "prev": null,
      "startIndex": null,
      "type": "root",
      "x-mode": "quirks",
    },
    "_root": [Circular],
    "length": 1,
    "options": Object {
      "decodeEntities": true,
      "xml": false,
    },
  },
  "length": 1,
  "options": Object {
    "decodeEntities": true,
    "xml": false,
  },
}
`;
