// Jest Snapshot v1, https://goo.gl/fbAQLP

exports[`<StepTracker /> renders 1`] = `
<div
  class="sc-jXbUNg ciKHpg"
  data-testid="stepTrackerContainer"
>
  <div
    class="sc-imWYAI gSIfsY"
  >
    <div
      class="sc-kAyceB kZqNpc"
    >
      <div
        class="sc-gsFSXq KfszY"
      >
        <div
          class="sc-dhKdcB bKFPXb"
        >
          <div
            aria-current="false"
            aria-label="Login"
            class="sc-fqkvVR jIbaTZ"
            data-isactive="true"
            data-testid="singleStepContainer-0"
          >
            <span
              class="sc-dcJsrY bJfjRS"
            >
              <i
                aria-hidden="true"
                class="sc-aXZVg bjdNpe"
              />
            </span>
            <div
              class="sc-iGgWBj hbWyPT"
            >
              <span
                class="sc-eqUAAy eqHARA"
              >
                1. Login
              </span>
            </div>
          </div>
          <div
            aria-current="true"
            aria-label="Purchase"
            class="sc-fqkvVR jIbaTZ"
            data-isactive="true"
            data-testid="singleStepContainer-1"
          >
            <span
              class="sc-dcJsrY bJfjRS"
            >
              <br />
            </span>
            <div
              class="sc-iGgWBj hbWyPT"
            >
              <span
                class="sc-eqUAAy IbxGE"
              >
                2. Purchase
              </span>
            </div>
          </div>
          <div
            aria-current="false"
            aria-label="Checkout"
            class="sc-fqkvVR jIbaTZ"
            data-isactive="false"
            data-testid="singleStepContainer-2"
          >
            <span
              class="sc-dcJsrY kIkQVH"
            >
              <br />
            </span>
            <div
              class="sc-iGgWBj hbWyPT"
            >
              <span
                class="sc-eqUAAy eqHARA"
              >
                3. Checkout
              </span>
            </div>
          </div>
        </div>
      </div>
    </div>
    <div
      class="sc-kAyceB kZqNpc"
    >
      <div
        class="sc-gsFSXq eHvvkR"
      >
        <div
          class="sc-kpDqfm dAhSKo"
        >
          <span
            class="sc-eqUAAy eqHARA"
            data-testid="mobileStepLabel"
          >
            <span>
              Step 2 of 3:
            </span>
             Purchase
          </span>
        </div>
      </div>
    </div>
  </div>
</div>
`;
